Feed title: T
Feed link: None
Feed icon: None
Entries (3):
- id: C
  title: C
  link: c
  summary: None
  thumbnail: None
  attachments: None
- id: B
  title: B
  link: b
  summary: None
  thumbnail: None
  attachments: None
- id: A
  title: A
  link: a
  summary: None
  thumbnail: None
  attachments: None
